// Jest Snapshot v1, https://goo.gl/fbAQLP

exports[`<SideBarHeader /> should render properly 1`] = `ShallowWrapper {}`;
